home d 15726 20
about d 5907 8
work d 3335 5
case-lumicap d 11292 14
case-cosap d 11466 15
case-gocrypto d 14270 18
case-pac d 7944 10
case-zalo-game-center d 6881 9
case-reorc-data-platform d 9319 12
case-cortex-sentinel d 16163 20
case-guardline d 11480 15
case-ledgr d 10644 14
home m 16027 22
about m 9948 14
work m 6177 9
case-lumicap m 12325 17
case-cosap m 12744 17
case-gocrypto m 16949 23
case-pac m 9610 13
case-zalo-game-center m 7680 11
case-reorc-data-platform m 10154 14
case-cortex-sentinel m 17009 23
case-guardline m 13297 18
case-ledgr m 11801 16
